******************************************************************************
                  TI ARM Linker PC v20.2.5                     
******************************************************************************
>> Linked Tue Dec  7 13:47:58 2021

OUTPUT FILE NAME:   <UART_BOOTLOADER_V2.out>
ENTRY POINT SYMBOL: "_c_int00_noargs"  address: 00000995


MEMORY CONFIGURATION

         name            origin    length      used     unused   attr    fill
----------------------  --------  ---------  --------  --------  ----  --------
  FLASH                 00000000   00040000  00000a02  0003f5fe  R  X
  SRAM                  20000000   00008000  00000404  00007bfc  RW X


SEGMENT ALLOCATION MAP

run origin  load origin   length   init length attrs members
----------  ----------- ---------- ----------- ----- -------
00000000    00000000    00000a08   00000a08    r-x
  00000000    00000000    0000026c   0000026c    r-- .intvecs
  0000026c    0000026c    0000077e   0000077e    r-x .text
  000009f0    000009f0    00000018   00000018    r-- .cinit
20000000    20000000    00000404   00000000    rw-
  20000000    20000000    00000400   00000000    rw- .stack
  20000400    20000400    00000004   00000000    rw- .data


SECTION ALLOCATION MAP

 output                                  attributes/
section   page    origin      length       input sections
--------  ----  ----------  ----------   ----------------
.intvecs   0    00000000    0000026c     
                  00000000    0000026c     tm4c123gh6pm_startup_ccs.obj (.intvecs)

.text      0    0000026c    0000077e     
                  0000026c    000002a0     UTIL.obj (.text)
                  0000050c    00000124     UART.obj (.text)
                  00000630    00000110     main.obj (.text)
                  00000740    0000009c     rtsv7M4_T_le_v4SPD16_eabi.lib : memcpy_t2.asm.obj (.text)
                  000007dc    00000090     FPEC.obj (.text)
                  0000086c    0000007a     rtsv7M4_T_le_v4SPD16_eabi.lib : memset_t2.asm.obj (.text)
                  000008e6    00000068                                   : copy_decompress_lzss.c.obj (.text:decompress:lzss:__TI_decompress_lzss)
                  0000094e    00000002     --HOLE-- [fill = 0]
                  00000950    00000044                                   : autoinit.c.obj (.text:__TI_auto_init_nobinit_nopinit:__TI_auto_init_nobinit_nopinit)
                  00000994    00000034                                   : boot_cortex_m.c.obj (.text:_c_int00_noargs:_c_int00_noargs)
                  000009c8    0000000e                                   : copy_decompress_none.c.obj (.text:decompress:none:__TI_decompress_none)
                  000009d6    0000000c     tm4c123gh6pm_startup_ccs.obj (.text)
                  000009e2    00000004     rtsv7M4_T_le_v4SPD16_eabi.lib : pre_init.c.obj (.text:_system_pre_init)
                  000009e6    00000004                                   : exit.c.obj (.text:abort:abort)

.cinit     0    000009f0    00000018     
                  000009f0    00000008     (__TI_handler_table)
                  000009f8    00000007     (.cinit..data.load) [load image, compression = lzss]
                  000009ff    00000001     --HOLE-- [fill = 0]
                  00000a00    00000008     (__TI_cinit_table)

.init_array 
*          0    00000000    00000000     UNINITIALIZED

.data      0    20000400    00000004     UNINITIALIZED
                  20000400    00000004     main.obj (.data)

.stack     0    20000000    00000400     UNINITIALIZED
                  20000000    00000004     rtsv7M4_T_le_v4SPD16_eabi.lib : boot_cortex_m.c.obj (.stack)
                  20000004    000003fc     --HOLE--

__llvm_prf_cnts 
*          0    20000000    00000000     UNINITIALIZED

MODULE SUMMARY

       Module                         code   ro data   rw data
       ------                         ----   -------   -------
    .\SRC\
       UTIL.obj                       672    0         0      
       tm4c123gh6pm_startup_ccs.obj   12     620       0      
       UART.obj                       292    0         0      
       main.obj                       272    0         4      
       FPEC.obj                       144    0         0      
    +--+------------------------------+------+---------+---------+
       Total:                         1392   620       4      
                                                              
    C:\ti\ccs1100\ccs\tools\compiler\ti-cgt-arm_20.2.5.LTS\lib\rtsv7M4_T_le_v4SPD16_eabi.lib
       memcpy_t2.asm.obj              156    0         0      
       memset_t2.asm.obj              122    0         0      
       copy_decompress_lzss.c.obj     104    0         0      
       autoinit.c.obj                 68     0         0      
       boot_cortex_m.c.obj            52     0         0      
       copy_decompress_none.c.obj     14     0         0      
       exit.c.obj                     4      0         0      
       pre_init.c.obj                 4      0         0      
    +--+------------------------------+------+---------+---------+
       Total:                         524    0         0      
                                                              
       Stack:                         0      0         1024   
       Linker Generated:              0      23        0      
    +--+------------------------------+------+---------+---------+
       Grand Total:                   1916   643       1028   


LINKER GENERATED COPY TABLES

__TI_cinit_table @ 00000a00 records: 1, size/record: 8, table size: 8
	.data: load addr=000009f8, load size=00000007 bytes, run addr=20000400, run size=00000004 bytes, compression=lzss


LINKER GENERATED HANDLER TABLE

__TI_handler_table @ 000009f0 records: 2, size/record: 4, table size: 8
	index: 0, handler: __TI_decompress_lzss
	index: 1, handler: __TI_decompress_none


GLOBAL SYMBOLS: SORTED ALPHABETICALLY BY Name 

address   name                          
-------   ----                          
00000351  Ascii_2_Hex_Address           
0000026d  Ascii_2_Hex_Word              
000009e7  C$$EXIT                       
20000400  CallApplication               
0000080f  FPEC_EraseBlock               
000007dd  FPEC_FlashWord                
0000050d  Init_UART_0                   
000009d7  ResetISR                      
00000593  UART0_RX_CHAR                 
000005b9  UART0_RX_STRING               
0000055b  UART0_TX_CHAR                 
00000577  UART0_TX_STRING               
000003dd  Validate_Record               
20000400  __STACK_END                   
00000400  __STACK_SIZE                  
20000200  __STACK_TOP                   
00000a00  __TI_CINIT_Base               
00000a08  __TI_CINIT_Limit              
000009f0  __TI_Handler_Table_Base       
000009f8  __TI_Handler_Table_Limit      
00000951  __TI_auto_init_nobinit_nopinit
000008e7  __TI_decompress_lzss          
000009c9  __TI_decompress_none          
ffffffff  __TI_pprof_out_hndl           
ffffffff  __TI_prof_data_size           
ffffffff  __TI_prof_data_start          
00000000  __TI_static_base__            
0000086d  __aeabi_memclr                
0000086d  __aeabi_memclr4               
0000086d  __aeabi_memclr8               
00000741  __aeabi_memcpy                
00000741  __aeabi_memcpy4               
00000741  __aeabi_memcpy8               
0000086f  __aeabi_memset                
0000086f  __aeabi_memset4               
0000086f  __aeabi_memset8               
ffffffff  __binit__                     
ffffffff  __c_args__                    
UNDEFED   __mpu_init                    
20000000  __stack                       
20000000  __start___llvm_prf_cnts       
20000000  __stop___llvm_prf_cnts        
00000995  _c_int00_noargs               
UNDEFED   _system_post_cinit            
000009e3  _system_pre_init              
000009e7  abort                         
ffffffff  binit                         
00000000  g_pfnVectors                  
00000631  main                          
00000741  memcpy                        
00000875  memset                        


GLOBAL SYMBOLS: SORTED BY Symbol Address 

address   name                          
-------   ----                          
00000000  __TI_static_base__            
00000000  g_pfnVectors                  
0000026d  Ascii_2_Hex_Word              
00000351  Ascii_2_Hex_Address           
000003dd  Validate_Record               
00000400  __STACK_SIZE                  
0000050d  Init_UART_0                   
0000055b  UART0_TX_CHAR                 
00000577  UART0_TX_STRING               
00000593  UART0_RX_CHAR                 
000005b9  UART0_RX_STRING               
00000631  main                          
00000741  __aeabi_memcpy                
00000741  __aeabi_memcpy4               
00000741  __aeabi_memcpy8               
00000741  memcpy                        
000007dd  FPEC_FlashWord                
0000080f  FPEC_EraseBlock               
0000086d  __aeabi_memclr                
0000086d  __aeabi_memclr4               
0000086d  __aeabi_memclr8               
0000086f  __aeabi_memset                
0000086f  __aeabi_memset4               
0000086f  __aeabi_memset8               
00000875  memset                        
000008e7  __TI_decompress_lzss          
00000951  __TI_auto_init_nobinit_nopinit
00000995  _c_int00_noargs               
000009c9  __TI_decompress_none          
000009d7  ResetISR                      
000009e3  _system_pre_init              
000009e7  C$$EXIT                       
000009e7  abort                         
000009f0  __TI_Handler_Table_Base       
000009f8  __TI_Handler_Table_Limit      
00000a00  __TI_CINIT_Base               
00000a08  __TI_CINIT_Limit              
20000000  __stack                       
20000000  __start___llvm_prf_cnts       
20000000  __stop___llvm_prf_cnts        
20000200  __STACK_TOP                   
20000400  CallApplication               
20000400  __STACK_END                   
ffffffff  __TI_pprof_out_hndl           
ffffffff  __TI_prof_data_size           
ffffffff  __TI_prof_data_start          
ffffffff  __binit__                     
ffffffff  __c_args__                    
ffffffff  binit                         
UNDEFED   __mpu_init                    
UNDEFED   _system_post_cinit            

[51 symbols]
